[0m16:57:14.396085 [debug] [MainThread]: Sending event: {'category': 'dbt', 'action': 'invocation', 'label': 'start', 'context': [<snowplow_tracker.self_describing_json.SelfDescribingJson object at 0x102c4e900>, <snowplow_tracker.self_describing_json.SelfDescribingJson object at 0x105293ed0>, <snowplow_tracker.self_describing_json.SelfDescribingJson object at 0x105293d90>]}


============================== 16:57:14.399558 | f25e2bfa-3308-480f-8aa9-f54ae997c1f9 ==============================
[0m16:57:14.399558 [info ] [MainThread]: Running with dbt=1.6.1
[0m16:57:14.399946 [debug] [MainThread]: running dbt with arguments {'invocation_command': 'dbt init', 'version_check': 'True', 'warn_error_options': 'WarnErrorOptions(include=[], exclude=[])', 'quiet': 'False', 'printer_width': '80', 'target_path': 'None', 'indirect_selection': 'eager', 'send_anonymous_usage_stats': 'True', 'cache_selected_only': 'False', 'static_parser': 'True', 'log_cache_events': 'False', 'log_path': 'logs', 'profiles_dir': '/Users/lucianobuhler/.dbt', 'write_json': 'True', 'introspect': 'True', 'use_colors': 'True', 'warn_error': 'None', 'use_experimental_parser': 'False', 'partial_parse': 'True', 'no_print': 'None', 'debug': 'False', 'log_format': 'default', 'fail_fast': 'False'}
[0m16:57:14.400288 [warn ] [MainThread]: [ConfigFolderDirectory]: Unable to parse dict {'dir': PosixPath('/Users/lucianobuhler/.dbt')}
[0m16:57:14.400458 [info ] [MainThread]: Creating dbt configuration folder at 
[0m16:57:24.289493 [debug] [MainThread]: Starter project path: /Users/lucianobuhler/Code/DSA-stack/LB_VERSION_AND_FORKS/data-engineering-with-data-build-tool-dbt-4458303/venv/lib/python3.13/site-packages/dbt/include/starter_project
[0m16:57:24.301276 [info ] [MainThread]: 
Your new dbt project "nyc_parking_violations" was created!

For more information on how to configure the profiles.yml file,
please consult the dbt documentation here:

  https://docs.getdbt.com/docs/configure-your-profile

One more thing:

Need help? Don't hesitate to reach out to us via GitHub issues or on Slack:

  https://community.getdbt.com/

Happy modeling!

[0m16:57:24.302187 [info ] [MainThread]: Setting up your profile.
[0m16:57:27.285271 [info ] [MainThread]: No sample profile found for duckdb.
[0m16:57:27.285809 [debug] [MainThread]: Command `dbt init` succeeded at 16:57:27.285660 after 12.91 seconds
[0m16:57:27.286090 [debug] [MainThread]: Sending event: {'category': 'dbt', 'action': 'invocation', 'label': 'end', 'context': [<snowplow_tracker.self_describing_json.SelfDescribingJson object at 0x1051ce060>, <snowplow_tracker.self_describing_json.SelfDescribingJson object at 0x1052f4950>, <snowplow_tracker.self_describing_json.SelfDescribingJson object at 0x1051d3460>]}
[0m16:57:27.286448 [debug] [MainThread]: Flushing usage events
